
> harvesthub-app@0.1.0 build
> next build

   Ôû▓ Next.js 15.5.12

   Creating an optimized production build ...
 Ô£ô Compiled successfully in 7.0min
   Linting and checking validity of types ...
